
> nirmaan@1.0.0 build
> vite build

[36mvite v5.4.21 [32mbuilding for production...[36m[39m
transforming...
[32mΓ£ô[39m 894 modules transformed.
rendering chunks...
computing gzip size...
[2mdist/[22m[32mindex.html                 [39m[1m[2m  1.05 kB[22m[1m[22m[2m Γöé gzip:   0.54 kB[22m
[2mdist/[22m[35massets/index-Dzz8U3LE.css  [39m[1m[2m 72.28 kB[22m[1m[22m[2m Γöé gzip:  10.68 kB[22m
[2mdist/[22m[36massets/index-BmULuRfR.js   [39m[1m[33m663.16 kB[39m[22m[2m Γöé gzip: 187.74 kB[22m
node.exe : [33m
At line:1 char:1
+ & "C:\Program Files
\nodejs/node.exe" 
"C:\Program 
Files\nodejs/node_mo 
...
+ ~~~~~~~~~~~~~~~~~~~
~~~~~~~~~~~~~~~~~~~~~
~~~~~~~~~~~~~~~~~~~~~
~~~~~~~~
    + CategoryInfo   
           : NotSpe  
  cified: ([33m:S   
 tring) [], Remot    
eException
    + FullyQualified 
   ErrorId : Native  
  CommandError
 
(!) Some chunks are 
larger than 500 kB 
after minification. 
Consider:
- Using dynamic 
import() to 
code-split the 
application
- Use build.rollupOpt
ions.output.manualChu
nks to improve 
chunking: https://rol
lupjs.org/configurati
on-options/#output-ma
nualchunks
- Adjust chunk size 
limit for this 
warning via build.chu
nkSizeWarningLimit.[
39m
[32mΓ£ô built in 2.02s[39m
